16:46:37 **** Incremental Build of configuration Debug for project Test01-GPIO1 ****
make -j4 all 
arm-none-eabi-gcc "../Core/Src/main.c" -mcpu=cortex-m4 -std=gnu11 -g3 -DDEBUG -DUSE_HAL_DRIVER -DSTM32F411xE -c -I../Core/Inc -I../Drivers/STM32F4xx_HAL_Driver/Inc -I../Drivers/STM32F4xx_HAL_Driver/Inc/Legacy -I../Drivers/CMSIS/Device/ST/STM32F4xx/Include -I../Drivers/CMSIS/Include -O0 -ffunction-sections -fdata-sections -Wall -fstack-usage -fcyclomatic-complexity -MMD -MP -MF"Core/Src/main.d" -MT"Core/Src/main.o" --specs=nano.specs -mfpu=fpv4-sp-d16 -mfloat-abi=hard -mthumb -o "Core/Src/main.o"
../Core/Src/main.c: In function 'HAL_TIM_PeriodElapsedCallback':
../Core/Src/main.c:85:3: warning: implicit declaration of function 'printf' [-Wimplicit-function-declaration]
   85 |   printf("\033[10;30HTimer3...%d\r\n",cnt++);
      |   ^~~~~~
../Core/Src/main.c:85:3: warning: incompatible implicit declaration of built-in function 'printf'
../Core/Src/main.c:21:1: note: include '<stdio.h>' or provide a declaration of 'printf'
   20 | #include "main.h"
  +++ |+#include <stdio.h>
   21 | 
../Core/Src/main.c: In function '__io_putchar':
../Core/Src/main.c:100:32: warning: passing argument 2 of 'HAL_UART_Transmit' from incompatible pointer type [-Wincompatible-pointer-types]
  100 |     HAL_UART_Transmit(&huart2, &ch, 1, 10);
      |                                ^~~
      |                                |
      |                                int *
In file included from ../Core/Inc/stm32f4xx_hal_conf.h:411,
                 from ../Drivers/STM32F4xx_HAL_Driver/Inc/stm32f4xx_hal.h:29,
                 from ../Core/Inc/main.h:30,
                 from ../Core/Src/main.c:20:
../Drivers/STM32F4xx_HAL_Driver/Inc/stm32f4xx_hal_uart.h:722:79: note: expected 'const uint8_t *' {aka 'const unsigned char *'} but argument is of type 'int *'
  722 | HAL_StatusTypeDef HAL_UART_Transmit(UART_HandleTypeDef *huart, const uint8_t *pData, uint16_t Size, uint32_t Timeout);
      |                                                                ~~~~~~~~~~~~~~~^~~~~
../Core/Src/main.c: In function 'main':
../Core/Src/main.c:140:3: warning: incompatible implicit declaration of built-in function 'printf'
  140 |   printf("\033[1JProgram Started......!\r\n",0x1b);
      |   ^~~~~~
../Core/Src/main.c:140:3: note: include '<stdio.h>' or provide a declaration of 'printf'
../Core/Src/main.c:140:10: warning: too many arguments for format [-Wformat-extra-args]
  140 |   printf("\033[1JProgram Started......!\r\n",0x1b);
      |          ^~~~~~~~~~~~~~~~~~~~~~~~~~~~~~~~~~~
../Core/Src/main.c:150:7: warning: unused variable 'ccr' [-Wunused-variable]
  150 |   int ccr = 0;
      |       ^~~
arm-none-eabi-gcc -o "Test01-GPIO1.elf" @"objects.list"   -mcpu=cortex-m4 -T"C:\workspace_intel_2\arm\Test01-GPIO1\STM32F411RETX_FLASH.ld" --specs=nosys.specs -Wl,-Map="Test01-GPIO1.map" -Wl,--gc-sections -static --specs=nano.specs -mfpu=fpv4-sp-d16 -mfloat-abi=hard -mthumb -Wl,--start-group -lc -lm -Wl,--end-group
Finished building target: Test01-GPIO1.elf
 
arm-none-eabi-size   Test01-GPIO1.elf 
arm-none-eabi-objdump -h -S  Test01-GPIO1.elf  > "Test01-GPIO1.list"
   text	   data	    bss	    dec	    hex	filename
  17840	    120	   1888	  19848	   4d88	Test01-GPIO1.elf
Finished building: default.size.stdout
 
Finished building: Test01-GPIO1.list
 

16:46:39 Build Finished. 0 errors, 6 warnings. (took 1s.78ms)

